###########################################################
####               ICTC Regression Report              ####
###########################################################
Total testcase run: 113
Passed            : 77
Failed            : 36
Unknown           : 36
Used time         : 12m 13s
-----------------------------------------------------------
Run log detail:
log/dis_parity_interrupt_test_804638.log: => Failed
log/full_5_even_1_test_529881.log: => Failed
log/full_5_even_2_test_772317.log: => Failed
log/full_5_odd_1_test_454668.log: => Failed
log/full_5_odd_2_test_880929.log: => Failed
log/full_6_even_1_test_621597.log: => Failed
log/full_6_even_2_test_264358.log: => Failed
log/full_6_odd_1_test_826743.log: => Failed
log/full_6_odd_2_test_433240.log: => Failed
log/full_7_even_1_test_381209.log: => Failed
log/full_7_even_2_test_875026.log: => Failed
log/full_7_odd_1_test_249783.log: => Failed
log/full_7_odd_2_test_719844.log: => Failed
log/full_8_even_1_test_927322.log: => Failed
log/full_8_even_2_test_307630.log: => Failed
log/full_8_odd_1_test_618925.log: => Failed
log/full_8_odd_2_test_220793.log: => Failed
log/parity_interrupt_test_376295.log: => Failed
log/parity_missmatch_test_280134.log: => Failed
log/read_w1c_test_468951.log: => Failed
log/transmit_5_even_1_test_594531.log: => Failed
log/transmit_5_even_2_test_487687.log: => Failed
log/transmit_5_odd_1_test_958499.log: => Failed
log/transmit_5_odd_2_test_114097.log: => Failed
log/transmit_6_even_1_test_965392.log: => Failed
log/transmit_6_even_2_test_811243.log: => Failed
log/transmit_6_odd_1_test_523364.log: => Failed
log/transmit_6_odd_2_test_273532.log: => Failed
log/transmit_7_even_1_test_542763.log: => Failed
log/transmit_7_even_2_test_913159.log: => Failed
log/transmit_7_odd_1_test_790039.log: => Failed
log/transmit_7_odd_2_test_976160.log: => Failed
log/transmit_8_even_1_test_561714.log: => Failed
log/transmit_8_even_2_test_384783.log: => Failed
log/transmit_8_odd_1_test_424160.log: => Failed
log/transmit_8_odd_2_test_204961.log: => Failed
log/baudrate_missmatch_test_892690.log: => Passed
log/data_width_missmatch_test_241070.log: => Passed
log/default_value_test_915530.log: => Passed
log/dis_rx_fifo_empty_interrupt_test_294150.log: => Passed
log/dis_rx_fifo_full_interrupt_test_760466.log: => Passed
log/dis_tx_fifo_empty_interrupt_test_945749.log: => Passed
log/dis_tx_fifo_full_interrupt_test_145402.log: => Passed
log/full_5_none_1_test_671610.log: => Passed
log/full_5_none_2_test_659569.log: => Passed
log/full_6_none_1_test_229860.log: => Passed
log/full_6_none_2_test_842547.log: => Passed
log/full_7_none_1_test_784260.log: => Passed
log/full_7_none_2_test_727367.log: => Passed
log/full_8_none_1_test_145214.log: => Passed
log/full_8_none_2_test_770954.log: => Passed
log/full_dynamic_baudrate_test_240633.log: => Passed
log/full_dynamic_frame_test_536505.log: => Passed
log/read_write_test_425770.log: => Passed
log/receive_5_even_1_test_730800.log: => Passed
log/receive_5_even_2_test_421098.log: => Passed
log/receive_5_none_1_test_146177.log: => Passed
log/receive_5_none_2_test_869871.log: => Passed
log/receive_5_odd_1_test_339503.log: => Passed
log/receive_5_odd_2_test_148491.log: => Passed
log/receive_6_even_1_test_347340.log: => Passed
log/receive_6_even_2_test_896912.log: => Passed
log/receive_6_none_1_test_616887.log: => Passed
log/receive_6_none_2_test_303471.log: => Passed
log/receive_6_odd_1_test_159557.log: => Passed
log/receive_6_odd_2_test_907880.log: => Passed
log/receive_7_even_1_test_312400.log: => Passed
log/receive_7_even_2_test_240532.log: => Passed
log/receive_7_none_1_test_699065.log: => Passed
log/receive_7_none_2_test_974122.log: => Passed
log/receive_7_odd_1_test_237066.log: => Passed
log/receive_7_odd_2_test_979546.log: => Passed
log/receive_8_even_1_test_166938.log: => Passed
log/receive_8_even_2_test_754410.log: => Passed
log/receive_8_none_1_test_875434.log: => Passed
log/receive_8_none_2_test_548741.log: => Passed
log/receive_8_odd_1_test_608681.log: => Passed
log/receive_8_odd_2_test_956404.log: => Passed
log/receive_dynamic_baudrate_test_967402.log: => Passed
log/receive_dynamic_frame_test_177103.log: => Passed
log/reserved_region_test_932714.log: => Passed
log/rx_fifo_empty_interrupt_test_987461.log: => Passed
log/rx_fifo_full_interrupt_test_803584.log: => Passed
log/sample_13x_115200_test_777861.log: => Passed
log/sample_13x_19200_test_102611.log: => Passed
log/sample_13x_2400_test_147715.log: => Passed
log/sample_13x_38400_test_654211.log: => Passed
log/sample_13x_4800_test_554890.log: => Passed
log/sample_13x_76800_test_113566.log: => Passed
log/sample_13x_9600_test_360344.log: => Passed
log/sample_13x_custom_test_844843.log: => Passed
log/sample_16x_115200_test_484153.log: => Passed
log/sample_16x_19200_test_650209.log: => Passed
log/sample_16x_2400_test_558040.log: => Passed
log/sample_16x_38400_test_601697.log: => Passed
log/sample_16x_4800_test_538154.log: => Passed
log/sample_16x_76800_test_825736.log: => Passed
log/sample_16x_9600_test_842544.log: => Passed
log/sample_16x_custom_test_251045.log: => Passed
log/stopbit_missmatch_test_551681.log: => Passed
log/transmit_5_none_1_test_867219.log: => Passed
log/transmit_5_none_2_test_306039.log: => Passed
log/transmit_6_none_1_test_719855.log: => Passed
log/transmit_6_none_2_test_790101.log: => Passed
log/transmit_7_none_1_test_918697.log: => Passed
log/transmit_7_none_2_test_210724.log: => Passed
log/transmit_8_none_1_test_750713.log: => Passed
log/transmit_8_none_2_test_170729.log: => Passed
log/transmit_dynamic_baudrate_test_608356.log: => Passed
log/transmit_dynamic_frame_test_367563.log: => Passed
log/tx_fifo_empty_interrupt_test_617875.log: => Passed
log/tx_fifo_full_interrupt_test_886908.log: => Passed
log/write_when_tx_fifo_full_test_563652.log: => Passed
-----------------------------------------------------------
